// Jest Snapshot v1, https://goo.gl/fbAQLP

exports[`Test datasync config 1`] = `
"import { DataStore } from 'offix-datastore';
import schema from './schema.json';

const datastore = new DataStore({
    dbName: \\"offix-datasync\\",
    clientConfig: {
      url: \\"http://localhost:4000/graphql\\",
      wsUrl: \\"ws://localhost:4000/graphql\\",
    }
});

datastore.createModel(schema.Note);
datastore.createModel(schema.Comment);

datastore.init();
"
`;

exports[`Test json schema 1`] = `
Array [
  Object {
    "json": Object {
      "name": "Note",
      "properties": Object {
        "comments": Object {
          "isRequired": true,
          "type": "string[]",
        },
        "description": Object {
          "isRequired": true,
          "type": "string",
        },
        "id": Object {
          "isRequired": true,
          "type": "string",
        },
        "title": Object {
          "isRequired": true,
          "type": "string",
        },
      },
      "type": "object",
      "version": 1,
    },
  },
  Object {
    "json": Object {
      "name": "Comment",
      "properties": Object {
        "description": Object {
          "isRequired": true,
          "type": "string",
        },
        "id": Object {
          "isRequired": true,
          "type": "string",
        },
        "noteComment": Object {
          "isRequired": true,
          "type": "string",
        },
        "title": Object {
          "isRequired": true,
          "type": "string",
        },
      },
      "type": "object",
      "version": 1,
    },
  },
]
`;
