// Jest Snapshot v1, https://goo.gl/fbAQLP

exports[`generate with defaults 1`] = `
"export interface Note {
  _id: string;
  title: string;
  description: string;
  _version: string;
  _lastUpdatedAt: number
}

export type NoteCreate = Omit<Note, \\"_id\\">;
export type NoteChange =  Pick<Note, \\"_id\\"> & Partial<NoteCreate>;
export interface Comment {
  _id: string;
  title: string;
  description: string;
  noteId?: string;
  _version: string;
  _lastUpdatedAt: number
}

export type CommentCreate = Omit<Comment, \\"_id\\">;
export type CommentChange =  Pick<Comment, \\"_id\\"> & Partial<CommentCreate>;
export interface Whatever {
  _id: string;
  _version: string;
  _lastUpdatedAt: number
}

export type WhateverCreate = Omit<Whatever, \\"_id\\">;
export type WhateverChange =  Pick<Whatever, \\"_id\\"> & Partial<WhateverCreate>;"
`;

exports[`generate with defaults 2`] = `
"{
  \\"Note\\": {
    \\"name\\": \\"Note\\",
    \\"version\\": 1,
    \\"type\\": \\"object\\",
    \\"primaryKey\\": \\"_id\\",
    \\"properties\\": {
      \\"_id\\": {
        \\"type\\": \\"string\\",
        \\"key\\": \\"_id\\",
        \\"isRequired\\": true,
        \\"primary\\": true
      },
      \\"title\\": {
        \\"type\\": \\"string\\",
        \\"key\\": \\"title\\",
        \\"isRequired\\": true
      },
      \\"description\\": {
        \\"type\\": \\"string\\",
        \\"key\\": \\"description\\",
        \\"isRequired\\": true
      },
      \\"_version\\": {
        \\"type\\": \\"string\\",
        \\"key\\": \\"_version\\",
        \\"isRequired\\": true
      },
      \\"_lastUpdatedAt\\": {
        \\"type\\": \\"number\\",
        \\"key\\": \\"_lastUpdatedAt\\",
        \\"isRequired\\": true
      }
    }
  },
  \\"Comment\\": {
    \\"name\\": \\"Comment\\",
    \\"version\\": 1,
    \\"type\\": \\"object\\",
    \\"primaryKey\\": \\"_id\\",
    \\"properties\\": {
      \\"_id\\": {
        \\"type\\": \\"string\\",
        \\"key\\": \\"_id\\",
        \\"isRequired\\": true,
        \\"primary\\": true
      },
      \\"title\\": {
        \\"type\\": \\"string\\",
        \\"key\\": \\"title\\",
        \\"isRequired\\": true
      },
      \\"description\\": {
        \\"type\\": \\"string\\",
        \\"key\\": \\"description\\",
        \\"isRequired\\": true
      },
      \\"noteId\\": {
        \\"type\\": \\"string\\",
        \\"key\\": \\"noteId\\",
        \\"relationship\\": \\"Note\\"
      },
      \\"_version\\": {
        \\"type\\": \\"string\\",
        \\"key\\": \\"_version\\",
        \\"isRequired\\": true
      },
      \\"_lastUpdatedAt\\": {
        \\"type\\": \\"number\\",
        \\"key\\": \\"_lastUpdatedAt\\",
        \\"isRequired\\": true
      }
    }
  },
  \\"Whatever\\": {
    \\"name\\": \\"Whatever\\",
    \\"version\\": 1,
    \\"type\\": \\"object\\",
    \\"primaryKey\\": \\"_id\\",
    \\"properties\\": {
      \\"_id\\": {
        \\"type\\": \\"string\\",
        \\"key\\": \\"_id\\",
        \\"isRequired\\": true,
        \\"primary\\": true
      },
      \\"_version\\": {
        \\"type\\": \\"string\\",
        \\"key\\": \\"_version\\",
        \\"isRequired\\": true
      },
      \\"_lastUpdatedAt\\": {
        \\"type\\": \\"number\\",
        \\"key\\": \\"_lastUpdatedAt\\",
        \\"isRequired\\": true
      }
    }
  }
}"
`;

exports[`generate with defaults 3`] = `
"import { GeneratedModelSchema } from \\"offix-datastore\\";
import jsonSchema from \\"./schema.json\\";

export const schema = jsonSchema as GeneratedModelSchema;
export * from \\"./types\\";"
`;

exports[`generate with positional arguments 1`] = `
"export interface Note {
  _id: string;
  title: string;
  description: string;
  _version: string;
  _lastUpdatedAt: number
}

export type NoteCreate = Omit<Note, \\"_id\\">;
export type NoteChange =  Pick<Note, \\"_id\\"> & Partial<NoteCreate>;
export interface Comment {
  _id: string;
  title: string;
  description: string;
  noteId?: string;
  _version: string;
  _lastUpdatedAt: number
}

export type CommentCreate = Omit<Comment, \\"_id\\">;
export type CommentChange =  Pick<Comment, \\"_id\\"> & Partial<CommentCreate>;
export interface Whatever {
  _id: string;
  _version: string;
  _lastUpdatedAt: number
}

export type WhateverCreate = Omit<Whatever, \\"_id\\">;
export type WhateverChange =  Pick<Whatever, \\"_id\\"> & Partial<WhateverCreate>;"
`;

exports[`generate with positional arguments 2`] = `
"{
  \\"Note\\": {
    \\"name\\": \\"Note\\",
    \\"version\\": 1,
    \\"type\\": \\"object\\",
    \\"primaryKey\\": \\"_id\\",
    \\"properties\\": {
      \\"_id\\": {
        \\"type\\": \\"string\\",
        \\"key\\": \\"_id\\",
        \\"isRequired\\": true,
        \\"primary\\": true
      },
      \\"title\\": {
        \\"type\\": \\"string\\",
        \\"key\\": \\"title\\",
        \\"isRequired\\": true
      },
      \\"description\\": {
        \\"type\\": \\"string\\",
        \\"key\\": \\"description\\",
        \\"isRequired\\": true
      },
      \\"_version\\": {
        \\"type\\": \\"string\\",
        \\"key\\": \\"_version\\",
        \\"isRequired\\": true
      },
      \\"_lastUpdatedAt\\": {
        \\"type\\": \\"number\\",
        \\"key\\": \\"_lastUpdatedAt\\",
        \\"isRequired\\": true
      }
    }
  },
  \\"Comment\\": {
    \\"name\\": \\"Comment\\",
    \\"version\\": 1,
    \\"type\\": \\"object\\",
    \\"primaryKey\\": \\"_id\\",
    \\"properties\\": {
      \\"_id\\": {
        \\"type\\": \\"string\\",
        \\"key\\": \\"_id\\",
        \\"isRequired\\": true,
        \\"primary\\": true
      },
      \\"title\\": {
        \\"type\\": \\"string\\",
        \\"key\\": \\"title\\",
        \\"isRequired\\": true
      },
      \\"description\\": {
        \\"type\\": \\"string\\",
        \\"key\\": \\"description\\",
        \\"isRequired\\": true
      },
      \\"noteId\\": {
        \\"type\\": \\"string\\",
        \\"key\\": \\"noteId\\",
        \\"relationship\\": \\"Note\\"
      },
      \\"_version\\": {
        \\"type\\": \\"string\\",
        \\"key\\": \\"_version\\",
        \\"isRequired\\": true
      },
      \\"_lastUpdatedAt\\": {
        \\"type\\": \\"number\\",
        \\"key\\": \\"_lastUpdatedAt\\",
        \\"isRequired\\": true
      }
    }
  },
  \\"Whatever\\": {
    \\"name\\": \\"Whatever\\",
    \\"version\\": 1,
    \\"type\\": \\"object\\",
    \\"primaryKey\\": \\"_id\\",
    \\"properties\\": {
      \\"_id\\": {
        \\"type\\": \\"string\\",
        \\"key\\": \\"_id\\",
        \\"isRequired\\": true,
        \\"primary\\": true
      },
      \\"_version\\": {
        \\"type\\": \\"string\\",
        \\"key\\": \\"_version\\",
        \\"isRequired\\": true
      },
      \\"_lastUpdatedAt\\": {
        \\"type\\": \\"number\\",
        \\"key\\": \\"_lastUpdatedAt\\",
        \\"isRequired\\": true
      }
    }
  }
}"
`;

exports[`generate with positional arguments 3`] = `
"import { GeneratedModelSchema } from \\"offix-datastore\\";
import jsonSchema from \\"./schema.json\\";

export const schema = jsonSchema as GeneratedModelSchema;
export * from \\"./types\\";"
`;
