// Jest Snapshot v1, https://goo.gl/fbAQLP

exports[`Test datasync config 1`] = `
"import { DataStore } from 'offix-datastore';
import { schema } from './schema';

export const datastore = new DataStore({
    dbName: \\"offix-datasync\\",
    clientConfig: {
      url: \\"http://localhost:4000/graphql\\",
      wsUrl: \\"ws://localhost:4000/graphql\\",
    }
});

export const NoteModel = datastore.setupModel(schema.Note);
export const CommentModel = datastore.setupModel(schema.Comment);

datastore.init();
"
`;

exports[`Test json schema 1`] = `
Object {
  "json": Object {
    "Comment": Object {
      "name": "Comment",
      "primaryKey": "id",
      "properties": Object {
        "description": Object {
          "isRequired": true,
          "key": "description",
          "type": "string",
        },
        "id": Object {
          "index": true,
          "isRequired": true,
          "key": "id",
          "primary": true,
          "type": "string",
        },
        "noteComment": Object {
          "isRequired": true,
          "key": "noteComment",
          "type": "string",
        },
        "title": Object {
          "isRequired": true,
          "key": "title",
          "type": "string",
        },
      },
      "type": "object",
      "version": 1,
    },
    "Note": Object {
      "name": "Note",
      "primaryKey": "id",
      "properties": Object {
        "comments": Object {
          "isRequired": true,
          "key": "comments",
          "type": "string[]",
        },
        "description": Object {
          "isRequired": true,
          "key": "description",
          "type": "string",
        },
        "id": Object {
          "index": true,
          "isRequired": true,
          "key": "id",
          "primary": true,
          "type": "string",
        },
        "title": Object {
          "isRequired": true,
          "key": "title",
          "type": "string",
        },
      },
      "type": "object",
      "version": 1,
    },
  },
  "schemaExport": "import { DataSyncJsonSchema } from \\"offix-datastore\\";
import jsonSchema from \\"./schema.json\\";

type Schema<T = any> = {
    [P in keyof T]: DataSyncJsonSchema<any>
};

export const schema = jsonSchema as Schema;
",
}
`;
